2026-08-26 11:37:23,740 INFO o.a.j.u.JMeterUtils: Setting Locale to pt_BR
2026-08-26 11:37:23,802 INFO o.a.j.JMeter: Loading user properties from: user.properties
2026-08-26 11:37:23,803 INFO o.a.j.JMeter: Loading system properties from: system.properties
2026-08-26 11:37:23,819 INFO o.a.j.JMeter: Copyright (c) 1998-2024 The Apache Software Foundation
2026-08-26 11:37:23,819 INFO o.a.j.JMeter: Version 5.6.3
2026-08-26 11:37:23,819 INFO o.a.j.JMeter: java.version=21.0.12.1
2026-08-26 11:37:23,820 INFO o.a.j.JMeter: java.vm.name=OpenJDK 64-Bit Server VM
2026-08-26 11:37:23,820 INFO o.a.j.JMeter: os.name=Linux
2026-08-26 11:37:23,820 INFO o.a.j.JMeter: os.arch=amd64
2026-08-26 11:37:23,820 INFO o.a.j.JMeter: os.version=7.0.0-30-generic
2026-08-26 11:37:23,821 INFO o.a.j.JMeter: file.encoding=UTF-8
2026-08-26 11:37:23,821 INFO o.a.j.JMeter: java.awt.headless=true
2026-08-26 11:37:23,821 INFO o.a.j.JMeter: Max memory     =8271167488
2026-08-26 11:37:23,822 INFO o.a.j.JMeter: Available Processors =14
2026-08-26 11:37:23,851 INFO o.a.j.JMeter: Default Locale=português (Brasil)
2026-08-26 11:37:23,852 INFO o.a.j.JMeter: JMeter  Locale=português (Brasil)
2026-08-26 11:37:23,852 INFO o.a.j.JMeter: JMeterHome=/home/diego.queiroz/worspaces/dev-tools/jmeter-erp-tests/apache-jmeter-5.6.3
2026-08-26 11:37:23,852 INFO o.a.j.JMeter: user.dir  =/home/diego.queiroz/worspaces/dev-tools/jmeter-erp-tests/apache-jmeter-5.6.3/bin
2026-08-26 11:37:23,853 INFO o.a.j.JMeter: PWD       =/home/diego.queiroz/worspaces/dev-tools/jmeter-erp-tests/apache-jmeter-5.6.3/bin
2026-08-26 11:37:23,854 INFO o.a.j.JMeter: IP: 127.0.1.1 Name: note-002631 FullName: note-002631
2026-08-26 11:37:23,886 INFO o.a.j.JMeter: Setting property 'jmeter.reportgenerator.outputdir' to:'/home/diego.queiroz/worspaces/dev-tools/jmeter-erp-tests/apache-jmeter-5.6.3/bin/relatorio_html'
2026-08-26 11:37:23,888 ERROR o.a.j.JMeter: An error occurred: 
org.apache.jmeter.report.config.ConfigurationException: The file /home/diego.queiroz/worspaces/dev-tools/jmeter-erp-tests/apache-jmeter-5.6.3/bin/test_plan_log_auditoria.jmx doesn't exist or can't be opened
	at org.apache.jmeter.JMeter.runNonGui(JMeter.java:950) ~[ApacheJMeter_core.jar:5.6.3]
	at org.apache.jmeter.JMeter.startNonGui(JMeter.java:940) ~[ApacheJMeter_core.jar:5.6.3]
	at org.apache.jmeter.JMeter.start(JMeter.java:508) [ApacheJMeter_core.jar:5.6.3]
	at java.base/jdk.internal.reflect.DirectMethodHandleAccessor.invoke(DirectMethodHandleAccessor.java:103) ~[?:?]
	at java.base/java.lang.reflect.Method.invoke(Method.java:580) ~[?:?]
	at org.apache.jmeter.NewDriver.main(NewDriver.java:259) [ApacheJMeter.jar:5.6.3]
